Iniciando script de recordatorios de saldo...
Iniciando script de recordatorios de saldo...
Buscando reservas con fecha_entrada: 2026-05-17 y estado 'abonada'...
Buscando reservas con fecha_entrada: 2026-05-17 y estado 'abonada'...
No se encontraron reservas para enviar recordatorios hoy.
No se encontraron reservas para enviar recordatorios hoy.
Script de recordatorios de saldo finalizado.
Script de recordatorios de saldo finalizado.
Iniciando script de recordatorios de saldo...
Iniciando script de recordatorios de saldo...
Buscando reservas con fecha_entrada: 2026-05-18 y estado 'abonada'...
Buscando reservas con fecha_entrada: 2026-05-18 y estado 'abonada'...
No se encontraron reservas para enviar recordatorios hoy.
No se encontraron reservas para enviar recordatorios hoy.
Script de recordatorios de saldo finalizado.
Script de recordatorios de saldo finalizado.
Iniciando script de recordatorios de saldo...
Iniciando script de recordatorios de saldo...
Buscando reservas con fecha_entrada: 2026-05-19 y estado 'abonada'...
Buscando reservas con fecha_entrada: 2026-05-19 y estado 'abonada'...
No se encontraron reservas para enviar recordatorios hoy.
No se encontraron reservas para enviar recordatorios hoy.
Script de recordatorios de saldo finalizado.
Script de recordatorios de saldo finalizado.
Iniciando script de recordatorios de saldo...
Iniciando script de recordatorios de saldo...
Buscando reservas con fecha_entrada: 2026-05-20 y estado 'abonada'...
Buscando reservas con fecha_entrada: 2026-05-20 y estado 'abonada'...
No se encontraron reservas para enviar recordatorios hoy.
No se encontraron reservas para enviar recordatorios hoy.
Script de recordatorios de saldo finalizado.
Script de recordatorios de saldo finalizado.
Iniciando script de recordatorios de saldo...
Iniciando script de recordatorios de saldo...
Buscando reservas con fecha_entrada: 2026-05-21 y estado 'abonada'...
Buscando reservas con fecha_entrada: 2026-05-21 y estado 'abonada'...
No se encontraron reservas para enviar recordatorios hoy.
No se encontraron reservas para enviar recordatorios hoy.
Script de recordatorios de saldo finalizado.
Script de recordatorios de saldo finalizado.
Iniciando script de recordatorios de saldo...
Iniciando script de recordatorios de saldo...
Buscando reservas con fecha_entrada: 2026-05-22 y estado 'abonada'...
Buscando reservas con fecha_entrada: 2026-05-22 y estado 'abonada'...
No se encontraron reservas para enviar recordatorios hoy.
No se encontraron reservas para enviar recordatorios hoy.
Script de recordatorios de saldo finalizado.
Script de recordatorios de saldo finalizado.
Iniciando script de recordatorios de saldo...
Iniciando script de recordatorios de saldo...
Buscando reservas con fecha_entrada: 2026-05-23 y estado 'abonada'...
Buscando reservas con fecha_entrada: 2026-05-23 y estado 'abonada'...
No se encontraron reservas para enviar recordatorios hoy.
No se encontraron reservas para enviar recordatorios hoy.
Script de recordatorios de saldo finalizado.
Script de recordatorios de saldo finalizado.
Iniciando script de recordatorios de saldo...
Iniciando script de recordatorios de saldo...
Buscando reservas con fecha_entrada: 2026-05-24 y estado 'abonada'...
Buscando reservas con fecha_entrada: 2026-05-24 y estado 'abonada'...
No se encontraron reservas para enviar recordatorios hoy.
No se encontraron reservas para enviar recordatorios hoy.
Script de recordatorios de saldo finalizado.
Script de recordatorios de saldo finalizado.
Iniciando script de recordatorios de saldo...
Iniciando script de recordatorios de saldo...
Buscando reservas con fecha_entrada: 2026-05-25 y estado 'abonada'...
Buscando reservas con fecha_entrada: 2026-05-25 y estado 'abonada'...
No se encontraron reservas para enviar recordatorios hoy.
No se encontraron reservas para enviar recordatorios hoy.
Script de recordatorios de saldo finalizado.
Script de recordatorios de saldo finalizado.
Iniciando script de recordatorios de saldo...
Iniciando script de recordatorios de saldo...
Buscando reservas con fecha_entrada: 2026-05-26 y estado 'abonada'...
Buscando reservas con fecha_entrada: 2026-05-26 y estado 'abonada'...
No se encontraron reservas para enviar recordatorios hoy.
No se encontraron reservas para enviar recordatorios hoy.
Script de recordatorios de saldo finalizado.
Script de recordatorios de saldo finalizado.
Iniciando script de recordatorios de saldo...
Iniciando script de recordatorios de saldo...
Buscando reservas con fecha_entrada: 2026-05-27 y estado 'abonada'...
Buscando reservas con fecha_entrada: 2026-05-27 y estado 'abonada'...
No se encontraron reservas para enviar recordatorios hoy.
No se encontraron reservas para enviar recordatorios hoy.
Script de recordatorios de saldo finalizado.
Script de recordatorios de saldo finalizado.
Iniciando script de recordatorios de saldo...
Iniciando script de recordatorios de saldo...
Buscando reservas con fecha_entrada: 2026-05-28 y estado 'abonada'...
Buscando reservas con fecha_entrada: 2026-05-28 y estado 'abonada'...
No se encontraron reservas para enviar recordatorios hoy.
No se encontraron reservas para enviar recordatorios hoy.
Script de recordatorios de saldo finalizado.
Script de recordatorios de saldo finalizado.
Iniciando script de recordatorios de saldo...
Iniciando script de recordatorios de saldo...
Buscando reservas con fecha_entrada: 2026-05-29 y estado 'abonada'...
Buscando reservas con fecha_entrada: 2026-05-29 y estado 'abonada'...
No se encontraron reservas para enviar recordatorios hoy.
No se encontraron reservas para enviar recordatorios hoy.
Script de recordatorios de saldo finalizado.
Script de recordatorios de saldo finalizado.
Iniciando script de recordatorios de saldo...
Iniciando script de recordatorios de saldo...
Buscando reservas con fecha_entrada: 2026-05-30 y estado 'abonada'...
Buscando reservas con fecha_entrada: 2026-05-30 y estado 'abonada'...
No se encontraron reservas para enviar recordatorios hoy.
No se encontraron reservas para enviar recordatorios hoy.
Script de recordatorios de saldo finalizado.
Script de recordatorios de saldo finalizado.
Iniciando script de recordatorios de saldo...
Iniciando script de recordatorios de saldo...
Buscando reservas con fecha_entrada: 2026-05-31 y estado 'abonada'...
Buscando reservas con fecha_entrada: 2026-05-31 y estado 'abonada'...
No se encontraron reservas para enviar recordatorios hoy.
No se encontraron reservas para enviar recordatorios hoy.
Script de recordatorios de saldo finalizado.
Script de recordatorios de saldo finalizado.
Iniciando script de recordatorios de saldo...
Iniciando script de recordatorios de saldo...
Buscando reservas con fecha_entrada: 2026-06-01 y estado 'abonada'...
Buscando reservas con fecha_entrada: 2026-06-01 y estado 'abonada'...
No se encontraron reservas para enviar recordatorios hoy.
No se encontraron reservas para enviar recordatorios hoy.
Script de recordatorios de saldo finalizado.
Script de recordatorios de saldo finalizado.
Iniciando script de recordatorios de saldo...
Iniciando script de recordatorios de saldo...
Error de conexión a la base de datos: SQLSTATE[HY000] [2002] php_network_getaddresses: getaddrinfo for mysuiteincartagena.com.co failed: Name or service not known
Buscando reservas con fecha_entrada: 2026-06-02 y estado 'abonada'...
Buscando reservas con fecha_entrada: 2026-06-02 y estado 'abonada'...
Error fatal en el script de recordatorios de saldo: Call to a member function prepare() on null
Error fatal en el script de recordatorios de saldo: Call to a member function prepare() on null
Script de recordatorios de saldo finalizado.
Script de recordatorios de saldo finalizado.
Iniciando script de recordatorios de saldo...
Iniciando script de recordatorios de saldo...
Buscando reservas con fecha_entrada: 2026-06-03 y estado 'abonada'...
Buscando reservas con fecha_entrada: 2026-06-03 y estado 'abonada'...
No se encontraron reservas para enviar recordatorios hoy.
No se encontraron reservas para enviar recordatorios hoy.
Script de recordatorios de saldo finalizado.
Script de recordatorios de saldo finalizado.
Iniciando script de recordatorios de saldo...
Iniciando script de recordatorios de saldo...
Buscando reservas con fecha_entrada: 2026-06-04 y estado 'abonada'...
Buscando reservas con fecha_entrada: 2026-06-04 y estado 'abonada'...
No se encontraron reservas para enviar recordatorios hoy.
No se encontraron reservas para enviar recordatorios hoy.
Script de recordatorios de saldo finalizado.
Script de recordatorios de saldo finalizado.
Iniciando script de recordatorios de saldo...
Iniciando script de recordatorios de saldo...
Buscando reservas con fecha_entrada: 2026-06-05 y estado 'abonada'...
Buscando reservas con fecha_entrada: 2026-06-05 y estado 'abonada'...
No se encontraron reservas para enviar recordatorios hoy.
No se encontraron reservas para enviar recordatorios hoy.
Script de recordatorios de saldo finalizado.
Script de recordatorios de saldo finalizado.
Iniciando script de recordatorios de saldo...
Iniciando script de recordatorios de saldo...
Buscando reservas con fecha_entrada: 2026-06-06 y estado 'abonada'...
Buscando reservas con fecha_entrada: 2026-06-06 y estado 'abonada'...
No se encontraron reservas para enviar recordatorios hoy.
No se encontraron reservas para enviar recordatorios hoy.
Script de recordatorios de saldo finalizado.
Script de recordatorios de saldo finalizado.
Iniciando script de recordatorios de saldo...
Iniciando script de recordatorios de saldo...
Buscando reservas con fecha_entrada: 2026-06-07 y estado 'abonada'...
Buscando reservas con fecha_entrada: 2026-06-07 y estado 'abonada'...
No se encontraron reservas para enviar recordatorios hoy.
No se encontraron reservas para enviar recordatorios hoy.
Script de recordatorios de saldo finalizado.
Script de recordatorios de saldo finalizado.
Iniciando script de recordatorios de saldo...
Iniciando script de recordatorios de saldo...
Buscando reservas con fecha_entrada: 2026-06-08 y estado 'abonada'...
Buscando reservas con fecha_entrada: 2026-06-08 y estado 'abonada'...
No se encontraron reservas para enviar recordatorios hoy.
No se encontraron reservas para enviar recordatorios hoy.
Script de recordatorios de saldo finalizado.
Script de recordatorios de saldo finalizado.
Iniciando script de recordatorios de saldo...
Iniciando script de recordatorios de saldo...
Buscando reservas con fecha_entrada: 2026-06-09 y estado 'abonada'...
Buscando reservas con fecha_entrada: 2026-06-09 y estado 'abonada'...
No se encontraron reservas para enviar recordatorios hoy.
No se encontraron reservas para enviar recordatorios hoy.
Script de recordatorios de saldo finalizado.
Script de recordatorios de saldo finalizado.
Iniciando script de recordatorios de saldo...
Iniciando script de recordatorios de saldo...
Buscando reservas con fecha_entrada: 2026-06-10 y estado 'abonada'...
Buscando reservas con fecha_entrada: 2026-06-10 y estado 'abonada'...
No se encontraron reservas para enviar recordatorios hoy.
No se encontraron reservas para enviar recordatorios hoy.
Script de recordatorios de saldo finalizado.
Script de recordatorios de saldo finalizado.
Iniciando script de recordatorios de saldo...
Iniciando script de recordatorios de saldo...
Buscando reservas con fecha_entrada: 2026-06-11 y estado 'abonada'...
Buscando reservas con fecha_entrada: 2026-06-11 y estado 'abonada'...
No se encontraron reservas para enviar recordatorios hoy.
No se encontraron reservas para enviar recordatorios hoy.
Script de recordatorios de saldo finalizado.
Script de recordatorios de saldo finalizado.
Iniciando script de recordatorios de saldo...
Iniciando script de recordatorios de saldo...
Buscando reservas con fecha_entrada: 2026-06-12 y estado 'abonada'...
Buscando reservas con fecha_entrada: 2026-06-12 y estado 'abonada'...
No se encontraron reservas para enviar recordatorios hoy.
No se encontraron reservas para enviar recordatorios hoy.
Script de recordatorios de saldo finalizado.
Script de recordatorios de saldo finalizado.
Iniciando script de recordatorios de saldo...
Iniciando script de recordatorios de saldo...
Buscando reservas con fecha_entrada: 2026-06-13 y estado 'abonada'...
Buscando reservas con fecha_entrada: 2026-06-13 y estado 'abonada'...
No se encontraron reservas para enviar recordatorios hoy.
No se encontraron reservas para enviar recordatorios hoy.
Script de recordatorios de saldo finalizado.
Script de recordatorios de saldo finalizado.
Iniciando script de recordatorios de saldo...
Iniciando script de recordatorios de saldo...
Buscando reservas con fecha_entrada: 2026-06-14 y estado 'abonada'...
Buscando reservas con fecha_entrada: 2026-06-14 y estado 'abonada'...
No se encontraron reservas para enviar recordatorios hoy.
No se encontraron reservas para enviar recordatorios hoy.
Script de recordatorios de saldo finalizado.
Script de recordatorios de saldo finalizado.
Iniciando script de recordatorios de saldo...
Iniciando script de recordatorios de saldo...
Buscando reservas con fecha_entrada: 2026-06-15 y estado 'abonada'...
Buscando reservas con fecha_entrada: 2026-06-15 y estado 'abonada'...
No se encontraron reservas para enviar recordatorios hoy.
No se encontraron reservas para enviar recordatorios hoy.
Script de recordatorios de saldo finalizado.
Script de recordatorios de saldo finalizado.
Iniciando script de recordatorios de saldo...
Iniciando script de recordatorios de saldo...
Buscando reservas con fecha_entrada: 2026-06-16 y estado 'abonada'...
Buscando reservas con fecha_entrada: 2026-06-16 y estado 'abonada'...
No se encontraron reservas para enviar recordatorios hoy.
No se encontraron reservas para enviar recordatorios hoy.
Script de recordatorios de saldo finalizado.
Script de recordatorios de saldo finalizado.
Iniciando script de recordatorios de saldo...
Iniciando script de recordatorios de saldo...
Buscando reservas con fecha_entrada: 2026-06-17 y estado 'abonada'...
Buscando reservas con fecha_entrada: 2026-06-17 y estado 'abonada'...
No se encontraron reservas para enviar recordatorios hoy.
No se encontraron reservas para enviar recordatorios hoy.
Script de recordatorios de saldo finalizado.
Script de recordatorios de saldo finalizado.
Iniciando script de recordatorios de saldo...
Iniciando script de recordatorios de saldo...
Buscando reservas con fecha_entrada: 2026-06-18 y estado 'abonada'...
Buscando reservas con fecha_entrada: 2026-06-18 y estado 'abonada'...
No se encontraron reservas para enviar recordatorios hoy.
No se encontraron reservas para enviar recordatorios hoy.
Script de recordatorios de saldo finalizado.
Script de recordatorios de saldo finalizado.
Iniciando script de recordatorios de saldo...
Iniciando script de recordatorios de saldo...
Buscando reservas con fecha_entrada: 2026-06-19 y estado 'abonada'...
Buscando reservas con fecha_entrada: 2026-06-19 y estado 'abonada'...
No se encontraron reservas para enviar recordatorios hoy.
No se encontraron reservas para enviar recordatorios hoy.
Script de recordatorios de saldo finalizado.
Script de recordatorios de saldo finalizado.
Iniciando script de recordatorios de saldo...
Iniciando script de recordatorios de saldo...
Buscando reservas con fecha_entrada: 2026-06-20 y estado 'abonada'...
Buscando reservas con fecha_entrada: 2026-06-20 y estado 'abonada'...
No se encontraron reservas para enviar recordatorios hoy.
No se encontraron reservas para enviar recordatorios hoy.
Script de recordatorios de saldo finalizado.
Script de recordatorios de saldo finalizado.
Iniciando script de recordatorios de saldo...
Iniciando script de recordatorios de saldo...
Buscando reservas con fecha_entrada: 2026-06-21 y estado 'abonada'...
Buscando reservas con fecha_entrada: 2026-06-21 y estado 'abonada'...
No se encontraron reservas para enviar recordatorios hoy.
No se encontraron reservas para enviar recordatorios hoy.
Script de recordatorios de saldo finalizado.
Script de recordatorios de saldo finalizado.
Iniciando script de recordatorios de saldo...
Iniciando script de recordatorios de saldo...
Buscando reservas con fecha_entrada: 2026-06-22 y estado 'abonada'...
Buscando reservas con fecha_entrada: 2026-06-22 y estado 'abonada'...
No se encontraron reservas para enviar recordatorios hoy.
No se encontraron reservas para enviar recordatorios hoy.
Script de recordatorios de saldo finalizado.
Script de recordatorios de saldo finalizado.
Iniciando script de recordatorios de saldo...
Iniciando script de recordatorios de saldo...
Buscando reservas con fecha_entrada: 2026-06-23 y estado 'abonada'...
Buscando reservas con fecha_entrada: 2026-06-23 y estado 'abonada'...
No se encontraron reservas para enviar recordatorios hoy.
No se encontraron reservas para enviar recordatorios hoy.
Script de recordatorios de saldo finalizado.
Script de recordatorios de saldo finalizado.
Iniciando script de recordatorios de saldo...
Iniciando script de recordatorios de saldo...
Buscando reservas con fecha_entrada: 2026-06-24 y estado 'abonada'...
Buscando reservas con fecha_entrada: 2026-06-24 y estado 'abonada'...
No se encontraron reservas para enviar recordatorios hoy.
No se encontraron reservas para enviar recordatorios hoy.
Script de recordatorios de saldo finalizado.
Script de recordatorios de saldo finalizado.
Iniciando script de recordatorios de saldo...
Iniciando script de recordatorios de saldo...
Buscando reservas con fecha_entrada: 2026-06-25 y estado 'abonada'...
Buscando reservas con fecha_entrada: 2026-06-25 y estado 'abonada'...
No se encontraron reservas para enviar recordatorios hoy.
No se encontraron reservas para enviar recordatorios hoy.
Script de recordatorios de saldo finalizado.
Script de recordatorios de saldo finalizado.
Iniciando script de recordatorios de saldo...
Iniciando script de recordatorios de saldo...
Buscando reservas con fecha_entrada: 2026-06-26 y estado 'abonada'...
Buscando reservas con fecha_entrada: 2026-06-26 y estado 'abonada'...
No se encontraron reservas para enviar recordatorios hoy.
No se encontraron reservas para enviar recordatorios hoy.
Script de recordatorios de saldo finalizado.
Script de recordatorios de saldo finalizado.
Iniciando script de recordatorios de saldo...
Iniciando script de recordatorios de saldo...
Buscando reservas con fecha_entrada: 2026-06-27 y estado 'abonada'...
Buscando reservas con fecha_entrada: 2026-06-27 y estado 'abonada'...
No se encontraron reservas para enviar recordatorios hoy.
No se encontraron reservas para enviar recordatorios hoy.
Script de recordatorios de saldo finalizado.
Script de recordatorios de saldo finalizado.
Iniciando script de recordatorios de saldo...
Iniciando script de recordatorios de saldo...
Buscando reservas con fecha_entrada: 2026-06-28 y estado 'abonada'...
Buscando reservas con fecha_entrada: 2026-06-28 y estado 'abonada'...
No se encontraron reservas para enviar recordatorios hoy.
No se encontraron reservas para enviar recordatorios hoy.
Script de recordatorios de saldo finalizado.
Script de recordatorios de saldo finalizado.
Iniciando script de recordatorios de saldo...
Iniciando script de recordatorios de saldo...
Buscando reservas con fecha_entrada: 2026-06-29 y estado 'abonada'...
Buscando reservas con fecha_entrada: 2026-06-29 y estado 'abonada'...
No se encontraron reservas para enviar recordatorios hoy.
No se encontraron reservas para enviar recordatorios hoy.
Script de recordatorios de saldo finalizado.
Script de recordatorios de saldo finalizado.
Iniciando script de recordatorios de saldo...
Iniciando script de recordatorios de saldo...
Buscando reservas con fecha_entrada: 2026-06-30 y estado 'abonada'...
Buscando reservas con fecha_entrada: 2026-06-30 y estado 'abonada'...
No se encontraron reservas para enviar recordatorios hoy.
No se encontraron reservas para enviar recordatorios hoy.
Script de recordatorios de saldo finalizado.
Script de recordatorios de saldo finalizado.
Iniciando script de recordatorios de saldo...
Iniciando script de recordatorios de saldo...
Buscando reservas con fecha_entrada: 2026-07-01 y estado 'abonada'...
Buscando reservas con fecha_entrada: 2026-07-01 y estado 'abonada'...
No se encontraron reservas para enviar recordatorios hoy.
No se encontraron reservas para enviar recordatorios hoy.
Script de recordatorios de saldo finalizado.
Script de recordatorios de saldo finalizado.
Iniciando script de recordatorios de saldo...
Iniciando script de recordatorios de saldo...
Buscando reservas con fecha_entrada: 2026-07-02 y estado 'abonada'...
Buscando reservas con fecha_entrada: 2026-07-02 y estado 'abonada'...
No se encontraron reservas para enviar recordatorios hoy.
No se encontraron reservas para enviar recordatorios hoy.
Script de recordatorios de saldo finalizado.
Script de recordatorios de saldo finalizado.
Iniciando script de recordatorios de saldo...
Iniciando script de recordatorios de saldo...
Buscando reservas con fecha_entrada: 2026-07-03 y estado 'abonada'...
Buscando reservas con fecha_entrada: 2026-07-03 y estado 'abonada'...
No se encontraron reservas para enviar recordatorios hoy.
No se encontraron reservas para enviar recordatorios hoy.
Script de recordatorios de saldo finalizado.
Script de recordatorios de saldo finalizado.
Iniciando script de recordatorios de saldo...
Iniciando script de recordatorios de saldo...
Buscando reservas con fecha_entrada: 2026-07-04 y estado 'abonada'...
Buscando reservas con fecha_entrada: 2026-07-04 y estado 'abonada'...
No se encontraron reservas para enviar recordatorios hoy.
No se encontraron reservas para enviar recordatorios hoy.
Script de recordatorios de saldo finalizado.
Script de recordatorios de saldo finalizado.
Iniciando script de recordatorios de saldo...
Iniciando script de recordatorios de saldo...
Buscando reservas con fecha_entrada: 2026-07-05 y estado 'abonada'...
Buscando reservas con fecha_entrada: 2026-07-05 y estado 'abonada'...
No se encontraron reservas para enviar recordatorios hoy.
No se encontraron reservas para enviar recordatorios hoy.
Script de recordatorios de saldo finalizado.
Script de recordatorios de saldo finalizado.
Iniciando script de recordatorios de saldo...
Iniciando script de recordatorios de saldo...
Buscando reservas con fecha_entrada: 2026-07-06 y estado 'abonada'...
Buscando reservas con fecha_entrada: 2026-07-06 y estado 'abonada'...
No se encontraron reservas para enviar recordatorios hoy.
No se encontraron reservas para enviar recordatorios hoy.
Script de recordatorios de saldo finalizado.
Script de recordatorios de saldo finalizado.
Iniciando script de recordatorios de saldo...
Iniciando script de recordatorios de saldo...
Buscando reservas con fecha_entrada: 2026-07-07 y estado 'abonada'...
Buscando reservas con fecha_entrada: 2026-07-07 y estado 'abonada'...
No se encontraron reservas para enviar recordatorios hoy.
No se encontraron reservas para enviar recordatorios hoy.
Script de recordatorios de saldo finalizado.
Script de recordatorios de saldo finalizado.
Iniciando script de recordatorios de saldo...
Iniciando script de recordatorios de saldo...
Buscando reservas con fecha_entrada: 2026-07-08 y estado 'abonada'...
Buscando reservas con fecha_entrada: 2026-07-08 y estado 'abonada'...
No se encontraron reservas para enviar recordatorios hoy.
No se encontraron reservas para enviar recordatorios hoy.
Script de recordatorios de saldo finalizado.
Script de recordatorios de saldo finalizado.
Iniciando script de recordatorios de saldo...
Iniciando script de recordatorios de saldo...
Buscando reservas con fecha_entrada: 2026-07-09 y estado 'abonada'...
Buscando reservas con fecha_entrada: 2026-07-09 y estado 'abonada'...
No se encontraron reservas para enviar recordatorios hoy.
No se encontraron reservas para enviar recordatorios hoy.
Script de recordatorios de saldo finalizado.
Script de recordatorios de saldo finalizado.
Iniciando script de recordatorios de saldo...
Iniciando script de recordatorios de saldo...
Buscando reservas con fecha_entrada: 2026-07-10 y estado 'abonada'...
Buscando reservas con fecha_entrada: 2026-07-10 y estado 'abonada'...
No se encontraron reservas para enviar recordatorios hoy.
No se encontraron reservas para enviar recordatorios hoy.
Script de recordatorios de saldo finalizado.
Script de recordatorios de saldo finalizado.
Iniciando script de recordatorios de saldo...
Iniciando script de recordatorios de saldo...
Buscando reservas con fecha_entrada: 2026-07-11 y estado 'abonada'...
Buscando reservas con fecha_entrada: 2026-07-11 y estado 'abonada'...
No se encontraron reservas para enviar recordatorios hoy.
No se encontraron reservas para enviar recordatorios hoy.
Script de recordatorios de saldo finalizado.
Script de recordatorios de saldo finalizado.
Iniciando script de recordatorios de saldo...
Iniciando script de recordatorios de saldo...
Buscando reservas con fecha_entrada: 2026-07-12 y estado 'abonada'...
Buscando reservas con fecha_entrada: 2026-07-12 y estado 'abonada'...
No se encontraron reservas para enviar recordatorios hoy.
No se encontraron reservas para enviar recordatorios hoy.
Script de recordatorios de saldo finalizado.
Script de recordatorios de saldo finalizado.
Iniciando script de recordatorios de saldo...
Iniciando script de recordatorios de saldo...
Buscando reservas con fecha_entrada: 2026-07-13 y estado 'abonada'...
Buscando reservas con fecha_entrada: 2026-07-13 y estado 'abonada'...
No se encontraron reservas para enviar recordatorios hoy.
No se encontraron reservas para enviar recordatorios hoy.
Script de recordatorios de saldo finalizado.
Script de recordatorios de saldo finalizado.
Iniciando script de recordatorios de saldo...
Iniciando script de recordatorios de saldo...
Buscando reservas con fecha_entrada: 2026-07-14 y estado 'abonada'...
Buscando reservas con fecha_entrada: 2026-07-14 y estado 'abonada'...
No se encontraron reservas para enviar recordatorios hoy.
No se encontraron reservas para enviar recordatorios hoy.
Script de recordatorios de saldo finalizado.
Script de recordatorios de saldo finalizado.
Iniciando script de recordatorios de saldo...
Iniciando script de recordatorios de saldo...
Buscando reservas con fecha_entrada: 2026-07-15 y estado 'abonada'...
Buscando reservas con fecha_entrada: 2026-07-15 y estado 'abonada'...
No se encontraron reservas para enviar recordatorios hoy.
No se encontraron reservas para enviar recordatorios hoy.
Script de recordatorios de saldo finalizado.
Script de recordatorios de saldo finalizado.
Iniciando script de recordatorios de saldo...
Iniciando script de recordatorios de saldo...
Buscando reservas con fecha_entrada: 2026-07-16 y estado 'abonada'...
Buscando reservas con fecha_entrada: 2026-07-16 y estado 'abonada'...
No se encontraron reservas para enviar recordatorios hoy.
No se encontraron reservas para enviar recordatorios hoy.
Script de recordatorios de saldo finalizado.
Script de recordatorios de saldo finalizado.
Iniciando script de recordatorios de saldo...
Iniciando script de recordatorios de saldo...
Buscando reservas con fecha_entrada: 2026-07-17 y estado 'abonada'...
Buscando reservas con fecha_entrada: 2026-07-17 y estado 'abonada'...
No se encontraron reservas para enviar recordatorios hoy.
No se encontraron reservas para enviar recordatorios hoy.
Script de recordatorios de saldo finalizado.
Script de recordatorios de saldo finalizado.
Iniciando script de recordatorios de saldo...
Iniciando script de recordatorios de saldo...
Buscando reservas con fecha_entrada: 2026-07-18 y estado 'abonada'...
Buscando reservas con fecha_entrada: 2026-07-18 y estado 'abonada'...
No se encontraron reservas para enviar recordatorios hoy.
No se encontraron reservas para enviar recordatorios hoy.
Script de recordatorios de saldo finalizado.
Script de recordatorios de saldo finalizado.
Iniciando script de recordatorios de saldo...
Iniciando script de recordatorios de saldo...
Buscando reservas con fecha_entrada: 2026-07-19 y estado 'abonada'...
Buscando reservas con fecha_entrada: 2026-07-19 y estado 'abonada'...
No se encontraron reservas para enviar recordatorios hoy.
No se encontraron reservas para enviar recordatorios hoy.
Script de recordatorios de saldo finalizado.
Script de recordatorios de saldo finalizado.
Iniciando script de recordatorios de saldo...
Iniciando script de recordatorios de saldo...
Buscando reservas con fecha_entrada: 2026-07-20 y estado 'abonada'...
Buscando reservas con fecha_entrada: 2026-07-20 y estado 'abonada'...
No se encontraron reservas para enviar recordatorios hoy.
No se encontraron reservas para enviar recordatorios hoy.
Script de recordatorios de saldo finalizado.
Script de recordatorios de saldo finalizado.
Iniciando script de recordatorios de saldo...
Iniciando script de recordatorios de saldo...
Buscando reservas con fecha_entrada: 2026-07-21 y estado 'abonada'...
Buscando reservas con fecha_entrada: 2026-07-21 y estado 'abonada'...
No se encontraron reservas para enviar recordatorios hoy.
No se encontraron reservas para enviar recordatorios hoy.
Script de recordatorios de saldo finalizado.
Script de recordatorios de saldo finalizado.
Iniciando script de recordatorios de saldo...
Iniciando script de recordatorios de saldo...
Buscando reservas con fecha_entrada: 2026-07-22 y estado 'abonada'...
Buscando reservas con fecha_entrada: 2026-07-22 y estado 'abonada'...
No se encontraron reservas para enviar recordatorios hoy.
No se encontraron reservas para enviar recordatorios hoy.
Script de recordatorios de saldo finalizado.
Script de recordatorios de saldo finalizado.
Iniciando script de recordatorios de saldo...
Iniciando script de recordatorios de saldo...
Buscando reservas con fecha_entrada: 2026-07-23 y estado 'abonada'...
Buscando reservas con fecha_entrada: 2026-07-23 y estado 'abonada'...
No se encontraron reservas para enviar recordatorios hoy.
No se encontraron reservas para enviar recordatorios hoy.
Script de recordatorios de saldo finalizado.
Script de recordatorios de saldo finalizado.
Iniciando script de recordatorios de saldo...
Iniciando script de recordatorios de saldo...
Buscando reservas con fecha_entrada: 2026-07-24 y estado 'abonada'...
Buscando reservas con fecha_entrada: 2026-07-24 y estado 'abonada'...
No se encontraron reservas para enviar recordatorios hoy.
No se encontraron reservas para enviar recordatorios hoy.
Script de recordatorios de saldo finalizado.
Script de recordatorios de saldo finalizado.
Iniciando script de recordatorios de saldo...
Iniciando script de recordatorios de saldo...
Buscando reservas con fecha_entrada: 2026-07-25 y estado 'abonada'...
Buscando reservas con fecha_entrada: 2026-07-25 y estado 'abonada'...
No se encontraron reservas para enviar recordatorios hoy.
No se encontraron reservas para enviar recordatorios hoy.
Script de recordatorios de saldo finalizado.
Script de recordatorios de saldo finalizado.
Iniciando script de recordatorios de saldo...
Iniciando script de recordatorios de saldo...
Buscando reservas con fecha_entrada: 2026-07-26 y estado 'abonada'...
Buscando reservas con fecha_entrada: 2026-07-26 y estado 'abonada'...
No se encontraron reservas para enviar recordatorios hoy.
No se encontraron reservas para enviar recordatorios hoy.
Script de recordatorios de saldo finalizado.
Script de recordatorios de saldo finalizado.
Iniciando script de recordatorios de saldo...
Iniciando script de recordatorios de saldo...
Buscando reservas con fecha_entrada: 2026-07-27 y estado 'abonada'...
Buscando reservas con fecha_entrada: 2026-07-27 y estado 'abonada'...
No se encontraron reservas para enviar recordatorios hoy.
No se encontraron reservas para enviar recordatorios hoy.
Script de recordatorios de saldo finalizado.
Script de recordatorios de saldo finalizado.
Iniciando script de recordatorios de saldo...
Iniciando script de recordatorios de saldo...
Buscando reservas con fecha_entrada: 2026-07-28 y estado 'abonada'...
Buscando reservas con fecha_entrada: 2026-07-28 y estado 'abonada'...
No se encontraron reservas para enviar recordatorios hoy.
No se encontraron reservas para enviar recordatorios hoy.
Script de recordatorios de saldo finalizado.
Script de recordatorios de saldo finalizado.
Iniciando script de recordatorios de saldo...
Iniciando script de recordatorios de saldo...
Buscando reservas con fecha_entrada: 2026-07-29 y estado 'abonada'...
Buscando reservas con fecha_entrada: 2026-07-29 y estado 'abonada'...
No se encontraron reservas para enviar recordatorios hoy.
No se encontraron reservas para enviar recordatorios hoy.
Script de recordatorios de saldo finalizado.
Script de recordatorios de saldo finalizado.
Iniciando script de recordatorios de saldo...
Iniciando script de recordatorios de saldo...
Buscando reservas con fecha_entrada: 2026-07-30 y estado 'abonada'...
Buscando reservas con fecha_entrada: 2026-07-30 y estado 'abonada'...
No se encontraron reservas para enviar recordatorios hoy.
No se encontraron reservas para enviar recordatorios hoy.
Script de recordatorios de saldo finalizado.
Script de recordatorios de saldo finalizado.
Iniciando script de recordatorios de saldo...
Iniciando script de recordatorios de saldo...
Buscando reservas con fecha_entrada: 2026-07-31 y estado 'abonada'...
Buscando reservas con fecha_entrada: 2026-07-31 y estado 'abonada'...
No se encontraron reservas para enviar recordatorios hoy.
No se encontraron reservas para enviar recordatorios hoy.
Script de recordatorios de saldo finalizado.
Script de recordatorios de saldo finalizado.
Iniciando script de recordatorios de saldo...
Iniciando script de recordatorios de saldo...
Buscando reservas con fecha_entrada: 2026-08-01 y estado 'abonada'...
Buscando reservas con fecha_entrada: 2026-08-01 y estado 'abonada'...
No se encontraron reservas para enviar recordatorios hoy.
No se encontraron reservas para enviar recordatorios hoy.
Script de recordatorios de saldo finalizado.
Script de recordatorios de saldo finalizado.
Iniciando script de recordatorios de saldo...
Iniciando script de recordatorios de saldo...
Buscando reservas con fecha_entrada: 2026-08-02 y estado 'abonada'...
Buscando reservas con fecha_entrada: 2026-08-02 y estado 'abonada'...
No se encontraron reservas para enviar recordatorios hoy.
No se encontraron reservas para enviar recordatorios hoy.
Script de recordatorios de saldo finalizado.
Script de recordatorios de saldo finalizado.
Iniciando script de recordatorios de saldo...
Iniciando script de recordatorios de saldo...
Buscando reservas con fecha_entrada: 2026-08-03 y estado 'abonada'...
Buscando reservas con fecha_entrada: 2026-08-03 y estado 'abonada'...
No se encontraron reservas para enviar recordatorios hoy.
No se encontraron reservas para enviar recordatorios hoy.
Script de recordatorios de saldo finalizado.
Script de recordatorios de saldo finalizado.
Iniciando script de recordatorios de saldo...
Iniciando script de recordatorios de saldo...
Buscando reservas con fecha_entrada: 2026-08-04 y estado 'abonada'...
Buscando reservas con fecha_entrada: 2026-08-04 y estado 'abonada'...
No se encontraron reservas para enviar recordatorios hoy.
No se encontraron reservas para enviar recordatorios hoy.
Script de recordatorios de saldo finalizado.
Script de recordatorios de saldo finalizado.
Iniciando script de recordatorios de saldo...
Iniciando script de recordatorios de saldo...
Buscando reservas con fecha_entrada: 2026-08-05 y estado 'abonada'...
Buscando reservas con fecha_entrada: 2026-08-05 y estado 'abonada'...
No se encontraron reservas para enviar recordatorios hoy.
No se encontraron reservas para enviar recordatorios hoy.
Script de recordatorios de saldo finalizado.
Script de recordatorios de saldo finalizado.
Iniciando script de recordatorios de saldo...
Iniciando script de recordatorios de saldo...
Buscando reservas con fecha_entrada: 2026-08-06 y estado 'abonada'...
Buscando reservas con fecha_entrada: 2026-08-06 y estado 'abonada'...
No se encontraron reservas para enviar recordatorios hoy.
No se encontraron reservas para enviar recordatorios hoy.
Script de recordatorios de saldo finalizado.
Script de recordatorios de saldo finalizado.
Iniciando script de recordatorios de saldo...
Iniciando script de recordatorios de saldo...
Buscando reservas con fecha_entrada: 2026-08-07 y estado 'abonada'...
Buscando reservas con fecha_entrada: 2026-08-07 y estado 'abonada'...
No se encontraron reservas para enviar recordatorios hoy.
No se encontraron reservas para enviar recordatorios hoy.
Script de recordatorios de saldo finalizado.
Script de recordatorios de saldo finalizado.
